--- 
http_interactions: 
- request: 
    method: post
    uri: http://api.flickr.com/services/rest?format=json&nojsoncallback=1&api_key=API_KEY&method=flickr.photosets.removePhotos&photoset_id=72157630666246536&photo_ids=7316710626
    body: 
      encoding: US-ASCII
      string: ""
    headers: 
      Authorization: 
      - OAuth oauth_consumer_key="API_KEY", oauth_nonce="300777d1e625b635b0581db6ac327b9f", oauth_signature="yiMgAK4mxi3WmlOCVebGklpRk6o%3D", oauth_signature_method="HMAC-SHA1", oauth_timestamp="1342793078", oauth_token="ACCESS_TOKEN", oauth_version="1.0"
  response: 
    status: 
      code: 200
      message: 
    headers: 
      date: 
      - Fri, 20 Jul 2012 14:04:39 GMT
      p3p: 
      - policyref="http://info.yahoo.com/w3c/p3p.xml", CP="CAO DSP COR CUR ADM DEV TAI PSA PSD IVAi IVDi CONi TELo OTPi OUR DELi SAMi OTRi UNRi PUBi IND PHY ONL UNI PUR FIN COM NAV INT DEM CNT STA POL HEA PRE LOC GOV"
      cache-control: 
      - private
      x-served-by: 
      - www187.flickr.mud.yahoo.com
      vary: 
      - Accept-Encoding
      content-length: 
      - "13"
      connection: 
      - close
      content-type: 
      - application/json
    body: 
      encoding: US-ASCII
      string: "{\"stat\":\"ok\"}"
    http_version: 
  recorded_at: Fri, 20 Jul 2012 14:04:39 GMT
- request: 
    method: post
    uri: http://api.flickr.com/services/rest?format=json&nojsoncallback=1&api_key=API_KEY&method=flickr.photosets.removePhotos&photoset_id=72157630666176200&photo_ids=7316710626%2C7093101501
    body: 
      encoding: US-ASCII
      string: ""
    headers: 
      Authorization: 
      - OAuth oauth_consumer_key="API_KEY", oauth_nonce="32e6a316235f65735c813565a884568e", oauth_signature="J2cljgGLiV6X%2FgEU0S8oKYMWGRs%3D", oauth_signature_method="HMAC-SHA1", oauth_timestamp="1342793099", oauth_token="ACCESS_TOKEN", oauth_version="1.0"
  response: 
    status: 
      code: 200
      message: 
    headers: 
      date: 
      - Fri, 20 Jul 2012 14:04:59 GMT
      p3p: 
      - policyref="http://info.yahoo.com/w3c/p3p.xml", CP="CAO DSP COR CUR ADM DEV TAI PSA PSD IVAi IVDi CONi TELo OTPi OUR DELi SAMi OTRi UNRi PUBi IND PHY ONL UNI PUR FIN COM NAV INT DEM CNT STA POL HEA PRE LOC GOV"
      access-control-allow-origin: 
      - "*"
      cache-control: 
      - private
      x-served-by: 
      - www49.flickr.mud.yahoo.com
      vary: 
      - Accept-Encoding
      content-length: 
      - "57"
      connection: 
      - close
      content-type: 
      - text/plain; charset=utf-8
    body: 
      encoding: US-ASCII
      string: "{\"stat\":\"fail\", \"code\":1, \"message\":\"Photoset not found\"}"
    http_version: 
  recorded_at: Fri, 20 Jul 2012 14:04:59 GMT
- request: 
    method: post
    uri: http://api.flickr.com/services/rest?format=json&nojsoncallback=1&api_key=API_KEY&method=flickr.photosets.removePhotos&photoset_id=72157630666246536&photo_ids=7316710626%2C7093101501
    body: 
      encoding: US-ASCII
      string: ""
    headers: 
      Authorization: 
      - OAuth oauth_consumer_key="API_KEY", oauth_nonce="15020abb539568e7fe7bd09fa8adb471", oauth_signature="Z5LcGI311cyF59ood5fjcFVs2w8%3D", oauth_signature_method="HMAC-SHA1", oauth_timestamp="1342793292", oauth_token="ACCESS_TOKEN", oauth_version="1.0"
  response: 
    status: 
      code: 200
      message: 
    headers: 
      date: 
      - Fri, 20 Jul 2012 14:08:12 GMT
      p3p: 
      - policyref="http://info.yahoo.com/w3c/p3p.xml", CP="CAO DSP COR CUR ADM DEV TAI PSA PSD IVAi IVDi CONi TELo OTPi OUR DELi SAMi OTRi UNRi PUBi IND PHY ONL UNI PUR FIN COM NAV INT DEM CNT STA POL HEA PRE LOC GOV"
      cache-control: 
      - private
      x-served-by: 
      - www194.flickr.mud.yahoo.com
      vary: 
      - Accept-Encoding
      content-length: 
      - "13"
      connection: 
      - close
      content-type: 
      - application/json
    body: 
      encoding: US-ASCII
      string: "{\"stat\":\"ok\"}"
    http_version: 
  recorded_at: Fri, 20 Jul 2012 14:08:12 GMT
recorded_with: VCR 2.2.2
